#-----------------------------------------------------------
# Vivado v2017.3 (64-bit)
# SW Build 2018833 on Wed Oct  4 19:58:22 MDT 2017
# IP Build 2016188 on Wed Oct  4 21:52:56 MDT 2017
# Start of session at: Thu Mar 15 21:29:06 2018
# Process ID: 14092
# Current directory: C:/Users/User/Desktop/CPE233/Digital Lock/RAT_MCU
# Command line: vivado.exe -gui_launcher_event rodinguilauncherevent13432 C:\Users\User\Desktop\CPE233\Digital Lock\RAT_MCU\RAT_MCU.xpr
# Log file: C:/Users/User/Desktop/CPE233/Digital Lock/RAT_MCU/vivado.log
# Journal file: C:/Users/User/Desktop/CPE233/Digital Lock/RAT_MCU\vivado.jou
#-----------------------------------------------------------
start_gui
open_project {C:/Users/User/Desktop/CPE233/Digital Lock/RAT_MCU/RAT_MCU.xpr}
update_compile_order -fileset sources_1
update_compile_order -fileset sources_1
import_files -norecurse {{C:/Users/User/Desktop/CPE233/RatSim v0.61/RatSimulator/prog_rom.vhd}}
import_files -force -norecurse {{C:/Users/User/Desktop/CPE233/RatSim v0.61/RatSimulator/prog_rom.vhd}}
update_compile_order -fileset sources_1
